2025-04-04 04:36:53.057119 - Received CBT.V508.FILE118.PDS from FILE118.XMI 
2025-04-04 04:36:53.059145 - Found $$$#DATE.txt (text/plain) in CBT.V508.FILE118.PDS, moved to PDS/$$$#DATE
2025-04-04 04:36:53.059295 - Found $$$COB2.txt (text/plain) in CBT.V508.FILE118.PDS, moved to PDS/$$$COB2
2025-04-04 04:36:53.059430 - Found $$$GCRAY.txt (text/plain) in CBT.V508.FILE118.PDS, moved to PDS/$$$GCRAY
2025-04-04 04:36:53.059580 - Found $$$JLAWS.txt (text/plain) in CBT.V508.FILE118.PDS, moved to PDS/$$$JLAWS
2025-04-04 04:36:53.059700 - Found $$DOC.txt (text/plain) in CBT.V508.FILE118.PDS, moved to PDS/$$DOC
2025-04-04 04:36:53.059815 - Found $$NEWASM.txt (text/plain) in CBT.V508.FILE118.PDS, moved to PDS/$$NEWASM
2025-04-04 04:36:53.059942 - Found $$NOTE01.txt (text/plain) in CBT.V508.FILE118.PDS, moved to PDS/$$NOTE01
2025-04-04 04:36:53.060068 - Found $OLDDOC.txt (text/plain) in CBT.V508.FILE118.PDS, moved to PDS/$OLDDOC
2025-04-04 04:36:53.060265 - Found $PUTXDOC.txt (text/plain) in CBT.V508.FILE118.PDS, moved to PDS/$PUTXDOC
2025-04-04 04:36:53.060399 - Found $TITLES.txt (text/plain) in CBT.V508.FILE118.PDS, moved to PDS/$TITLES
2025-04-04 04:36:53.060521 - Found @FILE118.txt (text/plain) in CBT.V508.FILE118.PDS, moved to PDS/@FILE118
2025-04-04 04:36:53.060640 - Found ASMLK100.jcl (text/plain) in CBT.V508.FILE118.PDS, moved to PDS/ASMLK100
2025-04-04 04:36:53.060753 - Found ASMLK98.jcl (text/plain) in CBT.V508.FILE118.PDS, moved to PDS/ASMLK98
2025-04-04 04:36:53.060873 - Found GIMEXPS0.jcl (text/plain) in CBT.V508.FILE118.PDS, moved to PDS/GIMEXPS0
2025-04-04 04:36:53.061013 - Found GIMEXP00.jcl (text/plain) in CBT.V508.FILE118.PDS, moved to PDS/GIMEXP00
2025-04-04 04:36:53.061243 - Found IGYWCL1.jcl (text/plain) in CBT.V508.FILE118.PDS, moved to PDS/IGYWCL1
2025-04-04 04:36:53.061369 - Found IGYWCL2.jcl (text/plain) in CBT.V508.FILE118.PDS, moved to PDS/IGYWCL2
2025-04-04 04:36:53.061483 - Found IGYWCL3.jcl (text/plain) in CBT.V508.FILE118.PDS, moved to PDS/IGYWCL3
2025-04-04 04:36:53.061599 - Found JCLFMIDS.jcl (text/plain) in CBT.V508.FILE118.PDS, moved to PDS/JCLFMIDS
2025-04-04 04:36:53.061712 - Found JCL0.txt (text/plain) in CBT.V508.FILE118.PDS, moved to PDS/JCL0
2025-04-04 04:36:53.061832 - Found JCL1.jcl (text/plain) in CBT.V508.FILE118.PDS, moved to PDS/JCL1
2025-04-04 04:36:53.061946 - Found JCL2.jcl (text/plain) in CBT.V508.FILE118.PDS, moved to PDS/JCL2
2025-04-04 04:36:53.062059 - Found JCL3.jcl (text/plain) in CBT.V508.FILE118.PDS, moved to PDS/JCL3
2025-04-04 04:36:53.062191 - Found OFILE118.txt (text/plain) in CBT.V508.FILE118.PDS, moved to PDS/OFILE118
2025-04-04 04:36:53.062313 - Found PTFSXREF.txt (text/plain) in CBT.V508.FILE118.PDS, moved to PDS/PTFSXREF
2025-04-04 04:36:53.062432 - Found PTSADDS1.jcl (text/plain) in CBT.V508.FILE118.PDS, moved to PDS/PTSADDS1
2025-04-04 04:36:53.062561 - Found PUTSEQS.txt (text/plain) in CBT.V508.FILE118.PDS, moved to PDS/PUTSEQS
2025-04-04 04:36:53.062690 - Found PUTSEQS$.jcl (text/plain) in CBT.V508.FILE118.PDS, moved to PDS/PUTSEQS$
2025-04-04 04:36:53.062810 - Found PUTSEQSJ.jcl (text/plain) in CBT.V508.FILE118.PDS, moved to PDS/PUTSEQSJ
2025-04-04 04:36:53.062931 - Found PUTXREF.txt (text/plain) in CBT.V508.FILE118.PDS, moved to PDS/PUTXREF
2025-04-04 04:36:53.063044 - Found PUTXREF$.jcl (text/plain) in CBT.V508.FILE118.PDS, moved to PDS/PUTXREF$
2025-04-04 04:36:53.063162 - Found PUTXREF#.jcl (text/plain) in CBT.V508.FILE118.PDS, moved to PDS/PUTXREF#
2025-04-04 04:36:53.063285 - Found PUTXREFJ.jcl (text/plain) in CBT.V508.FILE118.PDS, moved to PDS/PUTXREFJ
2025-04-04 04:36:53.063425 - Found PUTXREFO.txt (text/plain) in CBT.V508.FILE118.PDS, moved to PDS/PUTXREFO
2025-04-04 04:36:53.063542 - Found PUTXREFV.txt (text/plain) in CBT.V508.FILE118.PDS, moved to PDS/PUTXREFV
2025-04-04 04:36:53.063651 - Found SAMPLE.txt (text/plain) in CBT.V508.FILE118.PDS, moved to PDS/SAMPLE
2025-04-04 04:36:53.063769 - Found SMPASUPD.txt (text/plain) in CBT.V508.FILE118.PDS, moved to PDS/SMPASUPD
2025-04-04 04:36:53.063880 - Found SMPFMUPD.txt (text/plain) in CBT.V508.FILE118.PDS, moved to PDS/SMPFMUPD
2025-04-04 04:36:53.063989 - Found SMPFMUPV.txt (text/plain) in CBT.V508.FILE118.PDS, moved to PDS/SMPFMUPV
2025-04-04 04:36:53.064096 - Found SMPFMU2D.txt (text/plain) in CBT.V508.FILE118.PDS, moved to PDS/SMPFMU2D
2025-04-04 04:36:53.064280 - Found SMPFMU2V.txt (text/plain) in CBT.V508.FILE118.PDS, moved to PDS/SMPFMU2V
2025-04-04 04:36:53.064395 - Found SMPUPD.txt (text/plain) in CBT.V508.FILE118.PDS, moved to PDS/SMPUPD
2025-04-04 04:36:53.064512 - Found SMPUPDCB.txt (text/plain) in CBT.V508.FILE118.PDS, moved to PDS/SMPUPDCB
2025-04-04 04:36:53.064639 - Found SMPUPDJ.jcl (text/plain) in CBT.V508.FILE118.PDS, moved to PDS/SMPUPDJ
2025-04-04 04:36:53.064801 - Found SMPUPDO.txt (text/plain) in CBT.V508.FILE118.PDS, moved to PDS/SMPUPDO
2025-04-04 04:36:53.064918 - Found SMPUPD2O.txt (text/plain) in CBT.V508.FILE118.PDS, moved to PDS/SMPUPD2O
2025-04-04 04:36:53.065028 - Found TITLES.txt (text/plain) in CBT.V508.FILE118.PDS, moved to PDS/TITLES
2025-04-04 04:36:53.065135 - Found TITLES#.txt (text/plain) in CBT.V508.FILE118.PDS, moved to PDS/TITLES#
